[2026-03-27T17:56:33.840+0000] {local_task_job_runner.py:120} INFO - ::group::Pre task execution logs
[2026-03-27T17:56:34.050+0000] {taskinstance.py:2076} INFO - Dependencies all met for dep_context=non-requeueable deps ti=<TaskInstance: spark-airflow-s3-ingestion-dag.wait_for_fresh_s3_data scheduled__2026-03-27T16:00:00+00:00 [queued]>
[2026-03-27T17:56:34.096+0000] {taskinstance.py:2076} INFO - Dependencies all met for dep_context=requeueable deps ti=<TaskInstance: spark-airflow-s3-ingestion-dag.wait_for_fresh_s3_data scheduled__2026-03-27T16:00:00+00:00 [queued]>
[2026-03-27T17:56:34.099+0000] {taskinstance.py:2306} INFO - Starting attempt 1 of 2
[2026-03-27T17:56:34.182+0000] {taskinstance.py:2330} INFO - Executing <Task(PythonSensor): wait_for_fresh_s3_data> on 2026-03-27 16:00:00+00:00
[2026-03-27T17:56:34.230+0000] {standard_task_runner.py:90} INFO - Running: ['airflow', 'tasks', 'run', 'spark-airflow-s3-ingestion-dag', 'wait_for_fresh_s3_data', 'scheduled__2026-03-27T16:00:00+00:00', '--job-id', '4', '--raw', '--subdir', 'DAGS_FOLDER/dag-spark-airflow-s3-ingestion.py', '--cfg-path', '/tmp/tmpnmhn6796']
[2026-03-27T17:56:34.242+0000] {logging_mixin.py:188} WARNING - /home/airflow/.local/lib/python3.12/site-packages/airflow/task/task_runner/standard_task_runner.py:62 DeprecationWarning: This process (pid=365) is multi-threaded, use of fork() may lead to deadlocks in the child.
[2026-03-27T17:56:34.242+0000] {standard_task_runner.py:91} INFO - Job 4: Subtask wait_for_fresh_s3_data
[2026-03-27T17:56:34.253+0000] {standard_task_runner.py:64} INFO - Started process 366 to run task
[2026-03-27T17:56:34.550+0000] {task_command.py:426} INFO - Running <TaskInstance: spark-airflow-s3-ingestion-dag.wait_for_fresh_s3_data scheduled__2026-03-27T16:00:00+00:00 [running]> on host 9df592e4983e
[2026-03-27T17:56:34.947+0000] {taskinstance.py:2648} INFO - Exporting env vars: AIRFLOW_CTX_DAG_OWNER='data-engineering' AIRFLOW_CTX_DAG_ID='spark-airflow-s3-ingestion-dag' AIRFLOW_CTX_TASK_ID='wait_for_fresh_s3_data' AIRFLOW_CTX_EXECUTION_DATE='2026-03-27T16:00:00+00:00' AIRFLOW_CTX_TRY_NUMBER='1' AIRFLOW_CTX_DAG_RUN_ID='scheduled__2026-03-27T16:00:00+00:00'
[2026-03-27T17:56:34.950+0000] {taskinstance.py:430} INFO - ::endgroup::
[2026-03-27T17:56:35.036+0000] {python.py:75} INFO - Poking callable: <function s3_has_fresh_object at 0x72cbdb41d440>
[2026-03-27T17:56:35.569+0000] {taskinstance.py:441} INFO - ::group::Post task execution logs
[2026-03-27T17:56:35.571+0000] {taskinstance.py:2905} ERROR - Task failed with exception
Traceback (most recent call last):
  File "/home/airflow/.local/lib/python3.12/site-packages/airflow/models/taskinstance.py", line 465, in _execute_task
    result = _execute_callable(context=context, **execute_callable_kwargs)
             ^^^^^^^^^^^^^^^^^^^^^^^^^^^^^^^^^^^^^^^^^^^^^^^^^^^^^^^^^^^^^
  File "/home/airflow/.local/lib/python3.12/site-packages/airflow/models/taskinstance.py", line 432, in _execute_callable
    return execute_callable(context=context, **execute_callable_kwargs)
           ^^^^^^^^^^^^^^^^^^^^^^^^^^^^^^^^^^^^^^^^^^^^^^^^^^^^^^^^^^^^
  File "/home/airflow/.local/lib/python3.12/site-packages/airflow/models/baseoperator.py", line 401, in wrapper
    return func(self, *args, **kwargs)
           ^^^^^^^^^^^^^^^^^^^^^^^^^^^
  File "/home/airflow/.local/lib/python3.12/site-packages/airflow/sensors/base.py", line 264, in execute
    raise e
  File "/home/airflow/.local/lib/python3.12/site-packages/airflow/sensors/base.py", line 246, in execute
    poke_return = self.poke(context)
                  ^^^^^^^^^^^^^^^^^^
  File "/home/airflow/.local/lib/python3.12/site-packages/airflow/sensors/python.py", line 76, in poke
    return_value = self.python_callable(*self.op_args, **self.op_kwargs)
                   ^^^^^^^^^^^^^^^^^^^^^^^^^^^^^^^^^^^^^^^^^^^^^^^^^^^^^
  File "/opt/airflow/dags/dag-spark-airflow-s3-ingestion.py", line 99, in s3_has_fresh_object
    resp = s3.list_objects_v2(Bucket=S3_BUCKET, Prefix=S3_RAW_PREFIX)
           ^^^^^^^^^^^^^^^^^^^^^^^^^^^^^^^^^^^^^^^^^^^^^^^^^^^^^^^^^^
  File "/home/airflow/.local/lib/python3.12/site-packages/botocore/client.py", line 565, in _api_call
    return self._make_api_call(operation_name, kwargs)
           ^^^^^^^^^^^^^^^^^^^^^^^^^^^^^^^^^^^^^^^^^^^
  File "/home/airflow/.local/lib/python3.12/site-packages/botocore/client.py", line 1001, in _make_api_call
    http, parsed_response = self._make_request(
                            ^^^^^^^^^^^^^^^^^^^
  File "/home/airflow/.local/lib/python3.12/site-packages/botocore/client.py", line 1027, in _make_request
    return self._endpoint.make_request(operation_model, request_dict)
           ^^^^^^^^^^^^^^^^^^^^^^^^^^^^^^^^^^^^^^^^^^^^^^^^^^^^^^^^^^
  File "/home/airflow/.local/lib/python3.12/site-packages/botocore/endpoint.py", line 119, in make_request
    return self._send_request(request_dict, operation_model)
           ^^^^^^^^^^^^^^^^^^^^^^^^^^^^^^^^^^^^^^^^^^^^^^^^^
  File "/home/airflow/.local/lib/python3.12/site-packages/botocore/endpoint.py", line 198, in _send_request
    request = self.create_request(request_dict, operation_model)
              ^^^^^^^^^^^^^^^^^^^^^^^^^^^^^^^^^^^^^^^^^^^^^^^^^^
  File "/home/airflow/.local/lib/python3.12/site-packages/botocore/endpoint.py", line 134, in create_request
    self._event_emitter.emit(
  File "/home/airflow/.local/lib/python3.12/site-packages/botocore/hooks.py", line 412, in emit
    return self._emitter.emit(aliased_event_name, **kwargs)
           ^^^^^^^^^^^^^^^^^^^^^^^^^^^^^^^^^^^^^^^^^^^^^^^^
  File "/home/airflow/.local/lib/python3.12/site-packages/botocore/hooks.py", line 256, in emit
    return self._emit(event_name, kwargs)
           ^^^^^^^^^^^^^^^^^^^^^^^^^^^^^^
  File "/home/airflow/.local/lib/python3.12/site-packages/botocore/hooks.py", line 239, in _emit
    response = handler(**kwargs)
               ^^^^^^^^^^^^^^^^^
  File "/home/airflow/.local/lib/python3.12/site-packages/botocore/signers.py", line 105, in handler
    return self.sign(operation_name, request)
           ^^^^^^^^^^^^^^^^^^^^^^^^^^^^^^^^^^
  File "/home/airflow/.local/lib/python3.12/site-packages/botocore/signers.py", line 199, in sign
    auth.add_auth(request)
  File "/home/airflow/.local/lib/python3.12/site-packages/botocore/auth.py", line 418, in add_auth
    raise NoCredentialsError()
botocore.exceptions.NoCredentialsError: Unable to locate credentials
[2026-03-27T17:56:35.631+0000] {taskinstance.py:1206} INFO - Marking task as UP_FOR_RETRY. dag_id=spark-airflow-s3-ingestion-dag, task_id=wait_for_fresh_s3_data, run_id=scheduled__2026-03-27T16:00:00+00:00, execution_date=20260327T160000, start_date=20260327T175634, end_date=20260327T175635
[2026-03-27T17:56:35.692+0000] {standard_task_runner.py:110} ERROR - Failed to execute job 4 for task wait_for_fresh_s3_data (Unable to locate credentials; 366)
[2026-03-27T17:56:35.724+0000] {local_task_job_runner.py:243} INFO - Task exited with return code 1
[2026-03-27T17:56:35.819+0000] {taskinstance.py:3503} INFO - 0 downstream tasks scheduled from follow-on schedule check
[2026-03-27T17:56:35.825+0000] {local_task_job_runner.py:222} INFO - ::endgroup::
