[2026-03-27T15:50:03.321+0000] {local_task_job_runner.py:120} INFO - ::group::Pre task execution logs
[2026-03-27T15:50:03.357+0000] {taskinstance.py:2076} INFO - Dependencies all met for dep_context=non-requeueable deps ti=<TaskInstance: spark-airflow-s3-ingestion-dag.run_spark_stream manual__2026-03-27T15:44:16.653692+00:00 [queued]>
[2026-03-27T15:50:03.366+0000] {taskinstance.py:2076} INFO - Dependencies all met for dep_context=requeueable deps ti=<TaskInstance: spark-airflow-s3-ingestion-dag.run_spark_stream manual__2026-03-27T15:44:16.653692+00:00 [queued]>
[2026-03-27T15:50:03.367+0000] {taskinstance.py:2306} INFO - Starting attempt 2 of 4
[2026-03-27T15:50:03.381+0000] {taskinstance.py:2330} INFO - Executing <Task(PythonOperator): run_spark_stream> on 2026-03-27 15:44:16.653692+00:00
[2026-03-27T15:50:03.389+0000] {standard_task_runner.py:90} INFO - Running: ['airflow', 'tasks', 'run', 'spark-airflow-s3-ingestion-dag', 'run_spark_stream', 'manual__2026-03-27T15:44:16.653692+00:00', '--job-id', '4', '--raw', '--subdir', 'DAGS_FOLDER/spark-airflow-s3-ingestion-dag.py', '--cfg-path', '/tmp/tmpfe4k265c']
[2026-03-27T15:50:03.392+0000] {standard_task_runner.py:91} INFO - Job 4: Subtask run_spark_stream
[2026-03-27T15:50:03.392+0000] {logging_mixin.py:188} WARNING - /home/airflow/.local/lib/python3.12/site-packages/airflow/task/task_runner/standard_task_runner.py:62 DeprecationWarning: This process (pid=813) is multi-threaded, use of fork() may lead to deadlocks in the child.
[2026-03-27T15:50:03.393+0000] {standard_task_runner.py:64} INFO - Started process 814 to run task
[2026-03-27T15:50:03.460+0000] {task_command.py:426} INFO - Running <TaskInstance: spark-airflow-s3-ingestion-dag.run_spark_stream manual__2026-03-27T15:44:16.653692+00:00 [running]> on host d70e7e3ae1ed
[2026-03-27T15:50:03.553+0000] {taskinstance.py:2648} INFO - Exporting env vars: AIRFLOW_CTX_DAG_OWNER='guruvendra' AIRFLOW_CTX_DAG_ID='spark-airflow-s3-ingestion-dag' AIRFLOW_CTX_TASK_ID='run_spark_stream' AIRFLOW_CTX_EXECUTION_DATE='2026-03-27T15:44:16.653692+00:00' AIRFLOW_CTX_TRY_NUMBER='2' AIRFLOW_CTX_DAG_RUN_ID='manual__2026-03-27T15:44:16.653692+00:00'
[2026-03-27T15:50:03.554+0000] {taskinstance.py:430} INFO - ::endgroup::
[2026-03-27T15:50:03.571+0000] {logging_mixin.py:188} INFO - Found stale PID file /opt/airflow/logs/spark-airflow-s3-ingestion-dag.pid; previous process is not running
[2026-03-27T15:50:33.574+0000] {logging_mixin.py:188} INFO - Spark ingestion started successfully with PID 815
[2026-03-27T15:50:33.575+0000] {python.py:237} INFO - Done. Returned value was: None
[2026-03-27T15:50:33.576+0000] {taskinstance.py:441} INFO - ::group::Post task execution logs
[2026-03-27T15:50:33.594+0000] {taskinstance.py:1206} INFO - Marking task as SUCCESS. dag_id=spark-airflow-s3-ingestion-dag, task_id=run_spark_stream, run_id=manual__2026-03-27T15:44:16.653692+00:00, execution_date=20260327T154416, start_date=20260327T155003, end_date=20260327T155033
[2026-03-27T15:50:33.694+0000] {local_task_job_runner.py:243} INFO - Task exited with return code 0
[2026-03-27T15:50:33.736+0000] {taskinstance.py:3503} INFO - 0 downstream tasks scheduled from follow-on schedule check
[2026-03-27T15:50:33.742+0000] {local_task_job_runner.py:222} INFO - ::endgroup::
