[2026-03-27T18:15:59.579+0000] {local_task_job_runner.py:120} INFO - ::group::Pre task execution logs
[2026-03-27T18:15:59.674+0000] {taskinstance.py:2076} INFO - Dependencies all met for dep_context=non-requeueable deps ti=<TaskInstance: dbt_transformation_pipeline.wait_for_s3_data scheduled__2026-03-27T17:00:00+00:00 [queued]>
[2026-03-27T18:15:59.698+0000] {taskinstance.py:2076} INFO - Dependencies all met for dep_context=requeueable deps ti=<TaskInstance: dbt_transformation_pipeline.wait_for_s3_data scheduled__2026-03-27T17:00:00+00:00 [queued]>
[2026-03-27T18:15:59.719+0000] {taskinstance.py:2306} INFO - Starting attempt 1 of 2
[2026-03-27T18:15:59.749+0000] {taskinstance.py:2330} INFO - Executing <Task(PythonSensor): wait_for_s3_data> on 2026-03-27 17:00:00+00:00
[2026-03-27T18:15:59.763+0000] {standard_task_runner.py:90} INFO - Running: ['airflow', 'tasks', 'run', 'dbt_transformation_pipeline', 'wait_for_s3_data', 'scheduled__2026-03-27T17:00:00+00:00', '--job-id', '3', '--raw', '--subdir', 'DAGS_FOLDER/dag-dbt-transformation-pipeline.py', '--cfg-path', '/tmp/tmpgrwpmge1']
[2026-03-27T18:15:59.772+0000] {standard_task_runner.py:91} INFO - Job 3: Subtask wait_for_s3_data
[2026-03-27T18:15:59.774+0000] {logging_mixin.py:188} WARNING - /home/airflow/.local/lib/python3.12/site-packages/airflow/task/task_runner/standard_task_runner.py:62 DeprecationWarning: This process (pid=299) is multi-threaded, use of fork() may lead to deadlocks in the child.
[2026-03-27T18:15:59.776+0000] {standard_task_runner.py:64} INFO - Started process 303 to run task
[2026-03-27T18:15:59.972+0000] {task_command.py:426} INFO - Running <TaskInstance: dbt_transformation_pipeline.wait_for_s3_data scheduled__2026-03-27T17:00:00+00:00 [running]> on host 6cd773d74618
[2026-03-27T18:16:00.319+0000] {taskinstance.py:2648} INFO - Exporting env vars: AIRFLOW_CTX_DAG_OWNER='data-engineering' AIRFLOW_CTX_DAG_ID='dbt_transformation_pipeline' AIRFLOW_CTX_TASK_ID='wait_for_s3_data' AIRFLOW_CTX_EXECUTION_DATE='2026-03-27T17:00:00+00:00' AIRFLOW_CTX_TRY_NUMBER='1' AIRFLOW_CTX_DAG_RUN_ID='scheduled__2026-03-27T17:00:00+00:00'
[2026-03-27T18:16:00.324+0000] {taskinstance.py:430} INFO - ::endgroup::
[2026-03-27T18:16:00.416+0000] {python.py:75} INFO - Poking callable: <function s3_has_any_object at 0x7ef3a248d120>
[2026-03-27T18:16:00.910+0000] {taskinstance.py:441} INFO - ::group::Post task execution logs
[2026-03-27T18:16:00.912+0000] {taskinstance.py:2905} ERROR - Task failed with exception
Traceback (most recent call last):
  File "/home/airflow/.local/lib/python3.12/site-packages/airflow/models/taskinstance.py", line 465, in _execute_task
    result = _execute_callable(context=context, **execute_callable_kwargs)
             ^^^^^^^^^^^^^^^^^^^^^^^^^^^^^^^^^^^^^^^^^^^^^^^^^^^^^^^^^^^^^
  File "/home/airflow/.local/lib/python3.12/site-packages/airflow/models/taskinstance.py", line 432, in _execute_callable
    return execute_callable(context=context, **execute_callable_kwargs)
           ^^^^^^^^^^^^^^^^^^^^^^^^^^^^^^^^^^^^^^^^^^^^^^^^^^^^^^^^^^^^
  File "/home/airflow/.local/lib/python3.12/site-packages/airflow/models/baseoperator.py", line 401, in wrapper
    return func(self, *args, **kwargs)
           ^^^^^^^^^^^^^^^^^^^^^^^^^^^
  File "/home/airflow/.local/lib/python3.12/site-packages/airflow/sensors/base.py", line 264, in execute
    raise e
  File "/home/airflow/.local/lib/python3.12/site-packages/airflow/sensors/base.py", line 246, in execute
    poke_return = self.poke(context)
                  ^^^^^^^^^^^^^^^^^^
  File "/home/airflow/.local/lib/python3.12/site-packages/airflow/sensors/python.py", line 76, in poke
    return_value = self.python_callable(*self.op_args, **self.op_kwargs)
                   ^^^^^^^^^^^^^^^^^^^^^^^^^^^^^^^^^^^^^^^^^^^^^^^^^^^^^
  File "/opt/airflow/dags/dag-dbt-transformation-pipeline.py", line 24, in s3_has_any_object
    resp = s3.list_objects_v2(Bucket=S3_BUCKET, Prefix=S3_RAW_PREFIX)
           ^^^^^^^^^^^^^^^^^^^^^^^^^^^^^^^^^^^^^^^^^^^^^^^^^^^^^^^^^^
  File "/home/airflow/.local/lib/python3.12/site-packages/botocore/client.py", line 565, in _api_call
    return self._make_api_call(operation_name, kwargs)
           ^^^^^^^^^^^^^^^^^^^^^^^^^^^^^^^^^^^^^^^^^^^
  File "/home/airflow/.local/lib/python3.12/site-packages/botocore/client.py", line 1001, in _make_api_call
    http, parsed_response = self._make_request(
                            ^^^^^^^^^^^^^^^^^^^
  File "/home/airflow/.local/lib/python3.12/site-packages/botocore/client.py", line 1027, in _make_request
    return self._endpoint.make_request(operation_model, request_dict)
           ^^^^^^^^^^^^^^^^^^^^^^^^^^^^^^^^^^^^^^^^^^^^^^^^^^^^^^^^^^
  File "/home/airflow/.local/lib/python3.12/site-packages/botocore/endpoint.py", line 119, in make_request
    return self._send_request(request_dict, operation_model)
           ^^^^^^^^^^^^^^^^^^^^^^^^^^^^^^^^^^^^^^^^^^^^^^^^^
  File "/home/airflow/.local/lib/python3.12/site-packages/botocore/endpoint.py", line 198, in _send_request
    request = self.create_request(request_dict, operation_model)
              ^^^^^^^^^^^^^^^^^^^^^^^^^^^^^^^^^^^^^^^^^^^^^^^^^^
  File "/home/airflow/.local/lib/python3.12/site-packages/botocore/endpoint.py", line 134, in create_request
    self._event_emitter.emit(
  File "/home/airflow/.local/lib/python3.12/site-packages/botocore/hooks.py", line 412, in emit
    return self._emitter.emit(aliased_event_name, **kwargs)
           ^^^^^^^^^^^^^^^^^^^^^^^^^^^^^^^^^^^^^^^^^^^^^^^^
  File "/home/airflow/.local/lib/python3.12/site-packages/botocore/hooks.py", line 256, in emit
    return self._emit(event_name, kwargs)
           ^^^^^^^^^^^^^^^^^^^^^^^^^^^^^^
  File "/home/airflow/.local/lib/python3.12/site-packages/botocore/hooks.py", line 239, in _emit
    response = handler(**kwargs)
               ^^^^^^^^^^^^^^^^^
  File "/home/airflow/.local/lib/python3.12/site-packages/botocore/signers.py", line 105, in handler
    return self.sign(operation_name, request)
           ^^^^^^^^^^^^^^^^^^^^^^^^^^^^^^^^^^
  File "/home/airflow/.local/lib/python3.12/site-packages/botocore/signers.py", line 199, in sign
    auth.add_auth(request)
  File "/home/airflow/.local/lib/python3.12/site-packages/botocore/auth.py", line 418, in add_auth
    raise NoCredentialsError()
botocore.exceptions.NoCredentialsError: Unable to locate credentials
[2026-03-27T18:16:00.962+0000] {taskinstance.py:1206} INFO - Marking task as UP_FOR_RETRY. dag_id=dbt_transformation_pipeline, task_id=wait_for_s3_data, run_id=scheduled__2026-03-27T17:00:00+00:00, execution_date=20260327T170000, start_date=20260327T181559, end_date=20260327T181600
[2026-03-27T18:16:01.019+0000] {standard_task_runner.py:110} ERROR - Failed to execute job 3 for task wait_for_s3_data (Unable to locate credentials; 303)
[2026-03-27T18:16:01.072+0000] {local_task_job_runner.py:243} INFO - Task exited with return code 1
[2026-03-27T18:16:01.161+0000] {taskinstance.py:3503} INFO - 0 downstream tasks scheduled from follow-on schedule check
[2026-03-27T18:16:01.168+0000] {local_task_job_runner.py:222} INFO - ::endgroup::
