[2026-03-27T19:34:04.993+0000] {local_task_job_runner.py:120} INFO - ::group::Pre task execution logs
[2026-03-27T19:34:05.031+0000] {taskinstance.py:2076} INFO - Dependencies all met for dep_context=non-requeueable deps ti=<TaskInstance: dbt_transformation_pipeline.dbt_debug manual__2026-03-27T19:34:03.012882+00:00 [queued]>
[2026-03-27T19:34:05.039+0000] {taskinstance.py:2076} INFO - Dependencies all met for dep_context=requeueable deps ti=<TaskInstance: dbt_transformation_pipeline.dbt_debug manual__2026-03-27T19:34:03.012882+00:00 [queued]>
[2026-03-27T19:34:05.040+0000] {taskinstance.py:2306} INFO - Starting attempt 1 of 2
[2026-03-27T19:34:05.053+0000] {taskinstance.py:2330} INFO - Executing <Task(BashOperator): dbt_debug> on 2026-03-27 19:34:03.012882+00:00
[2026-03-27T19:34:05.061+0000] {standard_task_runner.py:90} INFO - Running: ['airflow', 'tasks', 'run', 'dbt_transformation_pipeline', 'dbt_debug', 'manual__2026-03-27T19:34:03.012882+00:00', '--job-id', '3', '--raw', '--subdir', 'DAGS_FOLDER/dag-dbt-transformation-pipeline.py', '--cfg-path', '/tmp/tmp3yib1ph5']
[2026-03-27T19:34:05.064+0000] {standard_task_runner.py:91} INFO - Job 3: Subtask dbt_debug
[2026-03-27T19:34:05.064+0000] {logging_mixin.py:188} WARNING - /home/airflow/.local/lib/python3.12/site-packages/airflow/task/task_runner/standard_task_runner.py:62 DeprecationWarning: This process (pid=322) is multi-threaded, use of fork() may lead to deadlocks in the child.
[2026-03-27T19:34:05.065+0000] {standard_task_runner.py:64} INFO - Started process 323 to run task
[2026-03-27T19:34:05.140+0000] {task_command.py:426} INFO - Running <TaskInstance: dbt_transformation_pipeline.dbt_debug manual__2026-03-27T19:34:03.012882+00:00 [running]> on host 2bc3183cbdac
[2026-03-27T19:34:05.239+0000] {taskinstance.py:2648} INFO - Exporting env vars: AIRFLOW_CTX_DAG_OWNER='data-engineering' AIRFLOW_CTX_DAG_ID='dbt_transformation_pipeline' AIRFLOW_CTX_TASK_ID='dbt_debug' AIRFLOW_CTX_EXECUTION_DATE='2026-03-27T19:34:03.012882+00:00' AIRFLOW_CTX_TRY_NUMBER='1' AIRFLOW_CTX_DAG_RUN_ID='manual__2026-03-27T19:34:03.012882+00:00'
[2026-03-27T19:34:05.241+0000] {taskinstance.py:430} INFO - ::endgroup::
[2026-03-27T19:34:05.256+0000] {subprocess.py:63} INFO - Tmp dir root location: /tmp
[2026-03-27T19:34:05.257+0000] {subprocess.py:75} INFO - Running command: ['/usr/bin/bash', '-c', 'cd /opt/project/dbt_project && dbt debug --profiles-dir /home/airflow/.dbt']
[2026-03-27T19:34:05.266+0000] {subprocess.py:86} INFO - Output:
[2026-03-27T19:34:05.269+0000] {subprocess.py:93} INFO - /usr/bin/bash: line 1: cd: /opt/project/dbt_project: No such file or directory
[2026-03-27T19:34:05.269+0000] {subprocess.py:97} INFO - Command exited with return code 1
[2026-03-27T19:34:05.270+0000] {taskinstance.py:441} INFO - ::group::Post task execution logs
[2026-03-27T19:34:05.283+0000] {taskinstance.py:2905} ERROR - Task failed with exception
Traceback (most recent call last):
  File "/home/airflow/.local/lib/python3.12/site-packages/airflow/models/taskinstance.py", line 465, in _execute_task
    result = _execute_callable(context=context, **execute_callable_kwargs)
             ^^^^^^^^^^^^^^^^^^^^^^^^^^^^^^^^^^^^^^^^^^^^^^^^^^^^^^^^^^^^^
  File "/home/airflow/.local/lib/python3.12/site-packages/airflow/models/taskinstance.py", line 432, in _execute_callable
    return execute_callable(context=context, **execute_callable_kwargs)
           ^^^^^^^^^^^^^^^^^^^^^^^^^^^^^^^^^^^^^^^^^^^^^^^^^^^^^^^^^^^^
  File "/home/airflow/.local/lib/python3.12/site-packages/airflow/models/baseoperator.py", line 401, in wrapper
    return func(self, *args, **kwargs)
           ^^^^^^^^^^^^^^^^^^^^^^^^^^^
  File "/home/airflow/.local/lib/python3.12/site-packages/airflow/operators/bash.py", line 243, in execute
    raise AirflowException(
airflow.exceptions.AirflowException: Bash command failed. The command returned a non-zero exit code 1.
[2026-03-27T19:34:05.288+0000] {taskinstance.py:1206} INFO - Marking task as UP_FOR_RETRY. dag_id=dbt_transformation_pipeline, task_id=dbt_debug, run_id=manual__2026-03-27T19:34:03.012882+00:00, execution_date=20260327T193403, start_date=20260327T193405, end_date=20260327T193405
[2026-03-27T19:34:05.302+0000] {standard_task_runner.py:110} ERROR - Failed to execute job 3 for task dbt_debug (Bash command failed. The command returned a non-zero exit code 1.; 323)
[2026-03-27T19:34:05.320+0000] {local_task_job_runner.py:243} INFO - Task exited with return code 1
[2026-03-27T19:34:05.347+0000] {taskinstance.py:3503} INFO - 0 downstream tasks scheduled from follow-on schedule check
[2026-03-27T19:34:05.351+0000] {local_task_job_runner.py:222} INFO - ::endgroup::
