[2026-03-27T19:39:06.105+0000] {local_task_job_runner.py:120} INFO - ::group::Pre task execution logs
[2026-03-27T19:39:06.144+0000] {taskinstance.py:2076} INFO - Dependencies all met for dep_context=non-requeueable deps ti=<TaskInstance: dbt_transformation_pipeline.dbt_debug manual__2026-03-27T19:34:03.012882+00:00 [queued]>
[2026-03-27T19:39:06.153+0000] {taskinstance.py:2076} INFO - Dependencies all met for dep_context=requeueable deps ti=<TaskInstance: dbt_transformation_pipeline.dbt_debug manual__2026-03-27T19:34:03.012882+00:00 [queued]>
[2026-03-27T19:39:06.154+0000] {taskinstance.py:2306} INFO - Starting attempt 2 of 2
[2026-03-27T19:39:06.170+0000] {taskinstance.py:2330} INFO - Executing <Task(BashOperator): dbt_debug> on 2026-03-27 19:34:03.012882+00:00
[2026-03-27T19:39:06.178+0000] {standard_task_runner.py:90} INFO - Running: ['airflow', 'tasks', 'run', 'dbt_transformation_pipeline', 'dbt_debug', 'manual__2026-03-27T19:34:03.012882+00:00', '--job-id', '5', '--raw', '--subdir', 'DAGS_FOLDER/dag-dbt-transformation-pipeline.py', '--cfg-path', '/tmp/tmpvmh2oqrg']
[2026-03-27T19:39:06.181+0000] {standard_task_runner.py:91} INFO - Job 5: Subtask dbt_debug
[2026-03-27T19:39:06.182+0000] {logging_mixin.py:188} WARNING - /home/airflow/.local/lib/python3.12/site-packages/airflow/task/task_runner/standard_task_runner.py:62 DeprecationWarning: This process (pid=1778) is multi-threaded, use of fork() may lead to deadlocks in the child.
[2026-03-27T19:39:06.183+0000] {standard_task_runner.py:64} INFO - Started process 1779 to run task
[2026-03-27T19:39:06.257+0000] {task_command.py:426} INFO - Running <TaskInstance: dbt_transformation_pipeline.dbt_debug manual__2026-03-27T19:34:03.012882+00:00 [running]> on host 2bc3183cbdac
[2026-03-27T19:39:06.352+0000] {taskinstance.py:2648} INFO - Exporting env vars: AIRFLOW_CTX_DAG_OWNER='data-engineering' AIRFLOW_CTX_DAG_ID='dbt_transformation_pipeline' AIRFLOW_CTX_TASK_ID='dbt_debug' AIRFLOW_CTX_EXECUTION_DATE='2026-03-27T19:34:03.012882+00:00' AIRFLOW_CTX_TRY_NUMBER='2' AIRFLOW_CTX_DAG_RUN_ID='manual__2026-03-27T19:34:03.012882+00:00'
[2026-03-27T19:39:06.353+0000] {taskinstance.py:430} INFO - ::endgroup::
[2026-03-27T19:39:06.368+0000] {subprocess.py:63} INFO - Tmp dir root location: /tmp
[2026-03-27T19:39:06.370+0000] {subprocess.py:75} INFO - Running command: ['/usr/bin/bash', '-c', 'cd /opt/project/dbt_project && dbt debug --profiles-dir /home/airflow/.dbt']
[2026-03-27T19:39:06.379+0000] {subprocess.py:86} INFO - Output:
[2026-03-27T19:39:06.382+0000] {subprocess.py:93} INFO - /usr/bin/bash: line 1: cd: /opt/project/dbt_project: No such file or directory
[2026-03-27T19:39:06.382+0000] {subprocess.py:97} INFO - Command exited with return code 1
[2026-03-27T19:39:06.383+0000] {taskinstance.py:441} INFO - ::group::Post task execution logs
[2026-03-27T19:39:06.396+0000] {taskinstance.py:2905} ERROR - Task failed with exception
Traceback (most recent call last):
  File "/home/airflow/.local/lib/python3.12/site-packages/airflow/models/taskinstance.py", line 465, in _execute_task
    result = _execute_callable(context=context, **execute_callable_kwargs)
             ^^^^^^^^^^^^^^^^^^^^^^^^^^^^^^^^^^^^^^^^^^^^^^^^^^^^^^^^^^^^^
  File "/home/airflow/.local/lib/python3.12/site-packages/airflow/models/taskinstance.py", line 432, in _execute_callable
    return execute_callable(context=context, **execute_callable_kwargs)
           ^^^^^^^^^^^^^^^^^^^^^^^^^^^^^^^^^^^^^^^^^^^^^^^^^^^^^^^^^^^^
  File "/home/airflow/.local/lib/python3.12/site-packages/airflow/models/baseoperator.py", line 401, in wrapper
    return func(self, *args, **kwargs)
           ^^^^^^^^^^^^^^^^^^^^^^^^^^^
  File "/home/airflow/.local/lib/python3.12/site-packages/airflow/operators/bash.py", line 243, in execute
    raise AirflowException(
airflow.exceptions.AirflowException: Bash command failed. The command returned a non-zero exit code 1.
[2026-03-27T19:39:06.400+0000] {taskinstance.py:1206} INFO - Marking task as FAILED. dag_id=dbt_transformation_pipeline, task_id=dbt_debug, run_id=manual__2026-03-27T19:34:03.012882+00:00, execution_date=20260327T193403, start_date=20260327T193906, end_date=20260327T193906
[2026-03-27T19:39:06.414+0000] {standard_task_runner.py:110} ERROR - Failed to execute job 5 for task dbt_debug (Bash command failed. The command returned a non-zero exit code 1.; 1779)
[2026-03-27T19:39:06.438+0000] {local_task_job_runner.py:243} INFO - Task exited with return code 1
[2026-03-27T19:39:06.465+0000] {taskinstance.py:3503} INFO - 0 downstream tasks scheduled from follow-on schedule check
[2026-03-27T19:39:06.470+0000] {local_task_job_runner.py:222} INFO - ::endgroup::
