[2026-03-27T15:53:10.308+0000] {local_task_job_runner.py:120} INFO - ::group::Pre task execution logs
[2026-03-27T15:53:10.347+0000] {taskinstance.py:2076} INFO - Dependencies all met for dep_context=non-requeueable deps ti=<TaskInstance: spark-airflow-s3-ingestion-dag.wait_for_raw_files manual__2026-03-27T15:44:16.653692+00:00 [queued]>
[2026-03-27T15:53:10.357+0000] {taskinstance.py:2076} INFO - Dependencies all met for dep_context=requeueable deps ti=<TaskInstance: spark-airflow-s3-ingestion-dag.wait_for_raw_files manual__2026-03-27T15:44:16.653692+00:00 [queued]>
[2026-03-27T15:53:10.358+0000] {taskinstance.py:2306} INFO - Starting attempt 2 of 3
[2026-03-27T15:53:10.371+0000] {taskinstance.py:2330} INFO - Executing <Task(PythonOperator): wait_for_raw_files> on 2026-03-27 15:44:16.653692+00:00
[2026-03-27T15:53:10.378+0000] {standard_task_runner.py:90} INFO - Running: ['airflow', 'tasks', 'run', 'spark-airflow-s3-ingestion-dag', 'wait_for_raw_files', 'manual__2026-03-27T15:44:16.653692+00:00', '--job-id', '5', '--raw', '--subdir', 'DAGS_FOLDER/spark-airflow-s3-ingestion-dag.py', '--cfg-path', '/tmp/tmp3khkw3u8']
[2026-03-27T15:53:10.381+0000] {standard_task_runner.py:91} INFO - Job 5: Subtask wait_for_raw_files
[2026-03-27T15:53:10.381+0000] {logging_mixin.py:188} WARNING - /home/airflow/.local/lib/python3.12/site-packages/airflow/task/task_runner/standard_task_runner.py:62 DeprecationWarning: This process (pid=4281) is multi-threaded, use of fork() may lead to deadlocks in the child.
[2026-03-27T15:53:10.382+0000] {standard_task_runner.py:64} INFO - Started process 4282 to run task
[2026-03-27T15:53:10.456+0000] {task_command.py:426} INFO - Running <TaskInstance: spark-airflow-s3-ingestion-dag.wait_for_raw_files manual__2026-03-27T15:44:16.653692+00:00 [running]> on host d70e7e3ae1ed
[2026-03-27T15:53:10.552+0000] {taskinstance.py:2648} INFO - Exporting env vars: AIRFLOW_CTX_DAG_OWNER='guruvendra' AIRFLOW_CTX_DAG_ID='spark-airflow-s3-ingestion-dag' AIRFLOW_CTX_TASK_ID='wait_for_raw_files' AIRFLOW_CTX_EXECUTION_DATE='2026-03-27T15:44:16.653692+00:00' AIRFLOW_CTX_TRY_NUMBER='2' AIRFLOW_CTX_DAG_RUN_ID='manual__2026-03-27T15:44:16.653692+00:00'
[2026-03-27T15:53:10.553+0000] {taskinstance.py:430} INFO - ::endgroup::
[2026-03-27T15:53:11.609+0000] {logging_mixin.py:188} INFO - Found 1 parquet file(s) in s3://real-time-financial-data-pipeline/raw/trades/
[2026-03-27T15:53:11.610+0000] {logging_mixin.py:188} INFO - Matched key: raw/trades/part-00000-048ba9a7-73b4-4d91-bbe4-283153c23bb3-c000.snappy.parquet
[2026-03-27T15:53:11.614+0000] {python.py:237} INFO - Done. Returned value was: None
[2026-03-27T15:53:11.615+0000] {taskinstance.py:441} INFO - ::group::Post task execution logs
[2026-03-27T15:53:11.634+0000] {taskinstance.py:1206} INFO - Marking task as SUCCESS. dag_id=spark-airflow-s3-ingestion-dag, task_id=wait_for_raw_files, run_id=manual__2026-03-27T15:44:16.653692+00:00, execution_date=20260327T154416, start_date=20260327T155310, end_date=20260327T155311
[2026-03-27T15:53:11.685+0000] {local_task_job_runner.py:243} INFO - Task exited with return code 0
[2026-03-27T15:53:11.721+0000] {taskinstance.py:3503} INFO - 1 downstream tasks scheduled from follow-on schedule check
[2026-03-27T15:53:11.724+0000] {local_task_job_runner.py:222} INFO - ::endgroup::
