[2026-03-27T15:44:50.211+0000] {local_task_job_runner.py:120} INFO - ::group::Pre task execution logs
[2026-03-27T15:44:50.284+0000] {taskinstance.py:2076} INFO - Dependencies all met for dep_context=non-requeueable deps ti=<TaskInstance: spark-airflow-s3-ingestion-dag.wait_for_raw_files manual__2026-03-27T15:44:16.653692+00:00 [queued]>
[2026-03-27T15:44:50.310+0000] {taskinstance.py:2076} INFO - Dependencies all met for dep_context=requeueable deps ti=<TaskInstance: spark-airflow-s3-ingestion-dag.wait_for_raw_files manual__2026-03-27T15:44:16.653692+00:00 [queued]>
[2026-03-27T15:44:50.313+0000] {taskinstance.py:2306} INFO - Starting attempt 1 of 3
[2026-03-27T15:44:50.360+0000] {taskinstance.py:2330} INFO - Executing <Task(PythonOperator): wait_for_raw_files> on 2026-03-27 15:44:16.653692+00:00
[2026-03-27T15:44:50.378+0000] {standard_task_runner.py:90} INFO - Running: ['airflow', 'tasks', 'run', 'spark-airflow-s3-ingestion-dag', 'wait_for_raw_files', 'manual__2026-03-27T15:44:16.653692+00:00', '--job-id', '3', '--raw', '--subdir', 'DAGS_FOLDER/spark-airflow-s3-ingestion-dag.py', '--cfg-path', '/tmp/tmp_04p4ror']
[2026-03-27T15:44:50.389+0000] {standard_task_runner.py:91} INFO - Job 3: Subtask wait_for_raw_files
[2026-03-27T15:44:50.393+0000] {logging_mixin.py:188} WARNING - /home/airflow/.local/lib/python3.12/site-packages/airflow/task/task_runner/standard_task_runner.py:62 DeprecationWarning: This process (pid=372) is multi-threaded, use of fork() may lead to deadlocks in the child.
[2026-03-27T15:44:50.394+0000] {standard_task_runner.py:64} INFO - Started process 373 to run task
[2026-03-27T15:44:50.588+0000] {task_command.py:426} INFO - Running <TaskInstance: spark-airflow-s3-ingestion-dag.wait_for_raw_files manual__2026-03-27T15:44:16.653692+00:00 [running]> on host d70e7e3ae1ed
[2026-03-27T15:44:50.824+0000] {taskinstance.py:2648} INFO - Exporting env vars: AIRFLOW_CTX_DAG_OWNER='guruvendra' AIRFLOW_CTX_DAG_ID='spark-airflow-s3-ingestion-dag' AIRFLOW_CTX_TASK_ID='wait_for_raw_files' AIRFLOW_CTX_EXECUTION_DATE='2026-03-27T15:44:16.653692+00:00' AIRFLOW_CTX_TRY_NUMBER='1' AIRFLOW_CTX_DAG_RUN_ID='manual__2026-03-27T15:44:16.653692+00:00'
[2026-03-27T15:44:50.826+0000] {taskinstance.py:430} INFO - ::endgroup::
[2026-03-27T15:44:52.676+0000] {logging_mixin.py:188} INFO - No parquet files found yet in s3://real-time-financial-data-pipeline/raw/trades/. Waiting...
[2026-03-27T15:45:13.685+0000] {logging_mixin.py:188} INFO - No parquet files found yet in s3://real-time-financial-data-pipeline/raw/trades/. Waiting...
[2026-03-27T15:45:38.635+0000] {logging_mixin.py:188} INFO - No parquet files found yet in s3://real-time-financial-data-pipeline/raw/trades/. Waiting...
[2026-03-27T15:45:59.485+0000] {logging_mixin.py:188} INFO - No parquet files found yet in s3://real-time-financial-data-pipeline/raw/trades/. Waiting...
[2026-03-27T15:46:23.289+0000] {logging_mixin.py:188} INFO - No parquet files found yet in s3://real-time-financial-data-pipeline/raw/trades/. Waiting...
[2026-03-27T15:46:44.213+0000] {logging_mixin.py:188} INFO - No parquet files found yet in s3://real-time-financial-data-pipeline/raw/trades/. Waiting...
[2026-03-27T15:47:05.157+0000] {logging_mixin.py:188} INFO - No parquet files found yet in s3://real-time-financial-data-pipeline/raw/trades/. Waiting...
[2026-03-27T15:47:26.115+0000] {logging_mixin.py:188} INFO - No parquet files found yet in s3://real-time-financial-data-pipeline/raw/trades/. Waiting...
[2026-03-27T15:47:50.156+0000] {logging_mixin.py:188} INFO - No parquet files found yet in s3://real-time-financial-data-pipeline/raw/trades/. Waiting...
[2026-03-27T15:48:14.333+0000] {logging_mixin.py:188} INFO - No parquet files found yet in s3://real-time-financial-data-pipeline/raw/trades/. Waiting...
[2026-03-27T15:48:35.181+0000] {logging_mixin.py:188} INFO - No parquet files found yet in s3://real-time-financial-data-pipeline/raw/trades/. Waiting...
[2026-03-27T15:48:56.853+0000] {logging_mixin.py:188} INFO - No parquet files found yet in s3://real-time-financial-data-pipeline/raw/trades/. Waiting...
[2026-03-27T15:49:17.832+0000] {logging_mixin.py:188} INFO - No parquet files found yet in s3://real-time-financial-data-pipeline/raw/trades/. Waiting...
[2026-03-27T15:49:40.420+0000] {logging_mixin.py:188} INFO - No parquet files found yet in s3://real-time-financial-data-pipeline/raw/trades/. Waiting...
[2026-03-27T15:50:01.277+0000] {logging_mixin.py:188} INFO - No parquet files found yet in s3://real-time-financial-data-pipeline/raw/trades/. Waiting...
[2026-03-27T15:50:09.942+0000] {local_task_job_runner.py:313} WARNING - State of this instance has been externally set to restarting. Terminating instance.
[2026-03-27T15:50:09.943+0000] {local_task_job_runner.py:222} INFO - ::endgroup::
[2026-03-27T15:50:09.946+0000] {process_utils.py:132} INFO - Sending 15 to group 373. PIDs of all processes in the group: [373]
[2026-03-27T15:50:09.947+0000] {process_utils.py:87} INFO - Sending the signal 15 to group 373
[2026-03-27T15:50:09.947+0000] {taskinstance.py:2611} ERROR - Received SIGTERM. Terminating subprocesses.
[2026-03-27T15:50:09.948+0000] {taskinstance.py:441} INFO - ::group::Post task execution logs
[2026-03-27T15:50:09.965+0000] {taskinstance.py:2905} ERROR - Task failed with exception
Traceback (most recent call last):
  File "/home/airflow/.local/lib/python3.12/site-packages/airflow/models/taskinstance.py", line 465, in _execute_task
    result = _execute_callable(context=context, **execute_callable_kwargs)
             ^^^^^^^^^^^^^^^^^^^^^^^^^^^^^^^^^^^^^^^^^^^^^^^^^^^^^^^^^^^^^
  File "/home/airflow/.local/lib/python3.12/site-packages/airflow/models/taskinstance.py", line 432, in _execute_callable
    return execute_callable(context=context, **execute_callable_kwargs)
           ^^^^^^^^^^^^^^^^^^^^^^^^^^^^^^^^^^^^^^^^^^^^^^^^^^^^^^^^^^^^
  File "/home/airflow/.local/lib/python3.12/site-packages/airflow/models/baseoperator.py", line 401, in wrapper
    return func(self, *args, **kwargs)
           ^^^^^^^^^^^^^^^^^^^^^^^^^^^
  File "/home/airflow/.local/lib/python3.12/site-packages/airflow/operators/python.py", line 235, in execute
    return_value = self.execute_callable()
                   ^^^^^^^^^^^^^^^^^^^^^^^
  File "/home/airflow/.local/lib/python3.12/site-packages/airflow/operators/python.py", line 252, in execute_callable
    return self.python_callable(*self.op_args, **self.op_kwargs)
           ^^^^^^^^^^^^^^^^^^^^^^^^^^^^^^^^^^^^^^^^^^^^^^^^^^^^^
  File "/opt/airflow/dags/spark-airflow-s3-ingestion-dag.py", line 183, in wait_for_raw_files
    time.sleep(poll_seconds)
  File "/home/airflow/.local/lib/python3.12/site-packages/airflow/models/taskinstance.py", line 2613, in signal_handler
    raise AirflowTaskTerminated("Task received SIGTERM signal")
airflow.exceptions.AirflowTaskTerminated: Task received SIGTERM signal
[2026-03-27T15:50:09.973+0000] {taskinstance.py:1206} INFO - Marking task as UP_FOR_RETRY. dag_id=spark-airflow-s3-ingestion-dag, task_id=wait_for_raw_files, run_id=manual__2026-03-27T15:44:16.653692+00:00, execution_date=20260327T154416, start_date=20260327T154450, end_date=20260327T155009
[2026-03-27T15:50:10.000+0000] {process_utils.py:80} INFO - Process psutil.Process(pid=373, status='terminated', exitcode=2, started='15:44:49') (373) terminated with exit code 2
