[2026-03-27T19:14:53.360+0000] {local_task_job_runner.py:120} INFO - ::group::Pre task execution logs
[2026-03-27T19:14:53.487+0000] {taskinstance.py:2076} INFO - Dependencies all met for dep_context=non-requeueable deps ti=<TaskInstance: spark-airflow-s3-ingestion-dag.wait_for_raw_files manual__2026-03-27T19:14:18.973867+00:00 [queued]>
[2026-03-27T19:14:53.518+0000] {taskinstance.py:2076} INFO - Dependencies all met for dep_context=requeueable deps ti=<TaskInstance: spark-airflow-s3-ingestion-dag.wait_for_raw_files manual__2026-03-27T19:14:18.973867+00:00 [queued]>
[2026-03-27T19:14:53.519+0000] {taskinstance.py:2306} INFO - Starting attempt 1 of 3
[2026-03-27T19:14:53.564+0000] {taskinstance.py:2330} INFO - Executing <Task(PythonOperator): wait_for_raw_files> on 2026-03-27 19:14:18.973867+00:00
[2026-03-27T19:14:53.587+0000] {standard_task_runner.py:90} INFO - Running: ['airflow', 'tasks', 'run', 'spark-airflow-s3-ingestion-dag', 'wait_for_raw_files', 'manual__2026-03-27T19:14:18.973867+00:00', '--job-id', '4', '--raw', '--subdir', 'DAGS_FOLDER/dag-spark-airflow-s3-ingestion.py', '--cfg-path', '/tmp/tmpag3gtm96']
[2026-03-27T19:14:53.601+0000] {standard_task_runner.py:91} INFO - Job 4: Subtask wait_for_raw_files
[2026-03-27T19:14:53.611+0000] {logging_mixin.py:188} WARNING - /home/airflow/.local/lib/python3.12/site-packages/airflow/task/task_runner/standard_task_runner.py:62 DeprecationWarning: This process (pid=334) is multi-threaded, use of fork() may lead to deadlocks in the child.
[2026-03-27T19:14:53.613+0000] {standard_task_runner.py:64} INFO - Started process 335 to run task
[2026-03-27T19:14:53.828+0000] {task_command.py:426} INFO - Running <TaskInstance: spark-airflow-s3-ingestion-dag.wait_for_raw_files manual__2026-03-27T19:14:18.973867+00:00 [running]> on host c1a52b7b2d61
[2026-03-27T19:14:54.171+0000] {taskinstance.py:2648} INFO - Exporting env vars: AIRFLOW_CTX_DAG_OWNER='guruvendra' AIRFLOW_CTX_DAG_ID='spark-airflow-s3-ingestion-dag' AIRFLOW_CTX_TASK_ID='wait_for_raw_files' AIRFLOW_CTX_EXECUTION_DATE='2026-03-27T19:14:18.973867+00:00' AIRFLOW_CTX_TRY_NUMBER='1' AIRFLOW_CTX_DAG_RUN_ID='manual__2026-03-27T19:14:18.973867+00:00'
[2026-03-27T19:14:54.175+0000] {taskinstance.py:430} INFO - ::endgroup::
[2026-03-27T19:14:56.723+0000] {logging_mixin.py:188} INFO - Found 39 parquet file(s) in s3://real-time-financial-data-pipeline/raw/trades/
[2026-03-27T19:14:56.723+0000] {logging_mixin.py:188} INFO - Matched key: raw/trades/part-00000-02aaff01-378c-40ac-97fb-6c3ff94d7dcf-c000.snappy.parquet
[2026-03-27T19:14:56.724+0000] {logging_mixin.py:188} INFO - Matched key: raw/trades/part-00000-048ba9a7-73b4-4d91-bbe4-283153c23bb3-c000.snappy.parquet
[2026-03-27T19:14:56.725+0000] {logging_mixin.py:188} INFO - Matched key: raw/trades/part-00000-09ea8911-3ba9-4830-a12f-04b507ec5f05-c000.snappy.parquet
[2026-03-27T19:14:56.725+0000] {logging_mixin.py:188} INFO - Matched key: raw/trades/part-00000-102bd166-88e2-4e1f-8834-7a2aa77c33c8-c000.snappy.parquet
[2026-03-27T19:14:56.725+0000] {logging_mixin.py:188} INFO - Matched key: raw/trades/part-00000-13e00bfc-544d-4f8e-8b62-dfdb9fcafcab-c000.snappy.parquet
[2026-03-27T19:14:56.726+0000] {logging_mixin.py:188} INFO - Matched key: raw/trades/part-00000-200141af-3558-4278-a32d-a78b0fca20a9-c000.snappy.parquet
[2026-03-27T19:14:56.726+0000] {logging_mixin.py:188} INFO - Matched key: raw/trades/part-00000-21581c2e-8101-4cde-83da-aeac7aa459b9-c000.snappy.parquet
[2026-03-27T19:14:56.727+0000] {logging_mixin.py:188} INFO - Matched key: raw/trades/part-00000-218f59f7-3ad3-40ce-85ac-863ce3c06b5e-c000.snappy.parquet
[2026-03-27T19:14:56.727+0000] {logging_mixin.py:188} INFO - Matched key: raw/trades/part-00000-2a5c763d-6795-4027-a5ed-7bd48eea4dd5-c000.snappy.parquet
[2026-03-27T19:14:56.731+0000] {logging_mixin.py:188} INFO - Matched key: raw/trades/part-00000-2c8b2d0f-4646-4fb7-8b81-9fc06fdbd031-c000.snappy.parquet
[2026-03-27T19:14:56.734+0000] {python.py:237} INFO - Done. Returned value was: None
[2026-03-27T19:14:56.736+0000] {taskinstance.py:441} INFO - ::group::Post task execution logs
[2026-03-27T19:14:56.764+0000] {taskinstance.py:1206} INFO - Marking task as SUCCESS. dag_id=spark-airflow-s3-ingestion-dag, task_id=wait_for_raw_files, run_id=manual__2026-03-27T19:14:18.973867+00:00, execution_date=20260327T191418, start_date=20260327T191453, end_date=20260327T191456
[2026-03-27T19:14:56.809+0000] {local_task_job_runner.py:243} INFO - Task exited with return code 0
[2026-03-27T19:14:56.881+0000] {taskinstance.py:3503} INFO - 1 downstream tasks scheduled from follow-on schedule check
[2026-03-27T19:14:56.886+0000] {local_task_job_runner.py:222} INFO - ::endgroup::
