[2026-03-27T19:14:21.001+0000] {local_task_job_runner.py:120} INFO - ::group::Pre task execution logs
[2026-03-27T19:14:21.041+0000] {taskinstance.py:2076} INFO - Dependencies all met for dep_context=non-requeueable deps ti=<TaskInstance: spark-airflow-s3-ingestion-dag.run_spark_stream manual__2026-03-27T19:14:18.973867+00:00 [queued]>
[2026-03-27T19:14:21.051+0000] {taskinstance.py:2076} INFO - Dependencies all met for dep_context=requeueable deps ti=<TaskInstance: spark-airflow-s3-ingestion-dag.run_spark_stream manual__2026-03-27T19:14:18.973867+00:00 [queued]>
[2026-03-27T19:14:21.053+0000] {taskinstance.py:2306} INFO - Starting attempt 1 of 3
[2026-03-27T19:14:21.069+0000] {taskinstance.py:2330} INFO - Executing <Task(PythonOperator): run_spark_stream> on 2026-03-27 19:14:18.973867+00:00
[2026-03-27T19:14:21.076+0000] {standard_task_runner.py:90} INFO - Running: ['airflow', 'tasks', 'run', 'spark-airflow-s3-ingestion-dag', 'run_spark_stream', 'manual__2026-03-27T19:14:18.973867+00:00', '--job-id', '2', '--raw', '--subdir', 'DAGS_FOLDER/dag-spark-airflow-s3-ingestion.py', '--cfg-path', '/tmp/tmpmosz757n']
[2026-03-27T19:14:21.078+0000] {standard_task_runner.py:91} INFO - Job 2: Subtask run_spark_stream
[2026-03-27T19:14:21.079+0000] {logging_mixin.py:188} WARNING - /home/airflow/.local/lib/python3.12/site-packages/airflow/task/task_runner/standard_task_runner.py:62 DeprecationWarning: This process (pid=214) is multi-threaded, use of fork() may lead to deadlocks in the child.
[2026-03-27T19:14:21.081+0000] {standard_task_runner.py:64} INFO - Started process 215 to run task
[2026-03-27T19:14:21.155+0000] {task_command.py:426} INFO - Running <TaskInstance: spark-airflow-s3-ingestion-dag.run_spark_stream manual__2026-03-27T19:14:18.973867+00:00 [running]> on host c1a52b7b2d61
[2026-03-27T19:14:21.257+0000] {taskinstance.py:2648} INFO - Exporting env vars: AIRFLOW_CTX_DAG_OWNER='guruvendra' AIRFLOW_CTX_DAG_ID='spark-airflow-s3-ingestion-dag' AIRFLOW_CTX_TASK_ID='run_spark_stream' AIRFLOW_CTX_EXECUTION_DATE='2026-03-27T19:14:18.973867+00:00' AIRFLOW_CTX_TRY_NUMBER='1' AIRFLOW_CTX_DAG_RUN_ID='manual__2026-03-27T19:14:18.973867+00:00'
[2026-03-27T19:14:21.259+0000] {taskinstance.py:430} INFO - ::endgroup::
[2026-03-27T19:14:21.290+0000] {logging_mixin.py:188} INFO - Found stale PID file /opt/airflow/logs/spark-airflow-s3-ingestion-dag.pid; previous process is not running
[2026-03-27T19:14:51.294+0000] {logging_mixin.py:188} INFO - Spark ingestion started successfully with PID 216
[2026-03-27T19:14:51.294+0000] {python.py:237} INFO - Done. Returned value was: None
[2026-03-27T19:14:51.295+0000] {taskinstance.py:441} INFO - ::group::Post task execution logs
[2026-03-27T19:14:51.314+0000] {taskinstance.py:1206} INFO - Marking task as SUCCESS. dag_id=spark-airflow-s3-ingestion-dag, task_id=run_spark_stream, run_id=manual__2026-03-27T19:14:18.973867+00:00, execution_date=20260327T191418, start_date=20260327T191421, end_date=20260327T191451
[2026-03-27T19:14:51.377+0000] {local_task_job_runner.py:243} INFO - Task exited with return code 0
[2026-03-27T19:14:51.433+0000] {taskinstance.py:3503} INFO - 1 downstream tasks scheduled from follow-on schedule check
[2026-03-27T19:14:51.436+0000] {local_task_job_runner.py:222} INFO - ::endgroup::
