[2026-03-27T19:00:05.464+0000] {local_task_job_runner.py:120} INFO - ::group::Pre task execution logs
[2026-03-27T19:00:05.547+0000] {taskinstance.py:2076} INFO - Dependencies all met for dep_context=non-requeueable deps ti=<TaskInstance: spark-airflow-s3-ingestion-dag.verify_s3_data scheduled__2026-03-27T18:00:00+00:00 [queued]>
[2026-03-27T19:00:05.579+0000] {taskinstance.py:2076} INFO - Dependencies all met for dep_context=requeueable deps ti=<TaskInstance: spark-airflow-s3-ingestion-dag.verify_s3_data scheduled__2026-03-27T18:00:00+00:00 [queued]>
[2026-03-27T19:00:05.581+0000] {taskinstance.py:2306} INFO - Starting attempt 1 of 2
[2026-03-27T19:00:05.627+0000] {taskinstance.py:2330} INFO - Executing <Task(S3KeySensor): verify_s3_data> on 2026-03-27 18:00:00+00:00
[2026-03-27T19:00:05.646+0000] {standard_task_runner.py:90} INFO - Running: ['airflow', 'tasks', 'run', 'spark-airflow-s3-ingestion-dag', 'verify_s3_data', 'scheduled__2026-03-27T18:00:00+00:00', '--job-id', '19', '--raw', '--subdir', 'DAGS_FOLDER/dag-spark-airflow-s3-ingestion.py', '--cfg-path', '/tmp/tmp693yaarv']
[2026-03-27T19:00:05.654+0000] {logging_mixin.py:188} WARNING - /home/airflow/.local/lib/python3.12/site-packages/airflow/task/task_runner/standard_task_runner.py:62 DeprecationWarning: This process (pid=21488) is multi-threaded, use of fork() may lead to deadlocks in the child.
[2026-03-27T19:00:05.656+0000] {standard_task_runner.py:91} INFO - Job 19: Subtask verify_s3_data
[2026-03-27T19:00:05.656+0000] {standard_task_runner.py:64} INFO - Started process 21489 to run task
[2026-03-27T19:00:05.825+0000] {task_command.py:426} INFO - Running <TaskInstance: spark-airflow-s3-ingestion-dag.verify_s3_data scheduled__2026-03-27T18:00:00+00:00 [running]> on host 6cd773d74618
[2026-03-27T19:00:06.076+0000] {taskinstance.py:2648} INFO - Exporting env vars: AIRFLOW_CTX_DAG_OWNER='guruvendra01' AIRFLOW_CTX_DAG_ID='spark-airflow-s3-ingestion-dag' AIRFLOW_CTX_TASK_ID='verify_s3_data' AIRFLOW_CTX_EXECUTION_DATE='2026-03-27T18:00:00+00:00' AIRFLOW_CTX_TRY_NUMBER='1' AIRFLOW_CTX_DAG_RUN_ID='scheduled__2026-03-27T18:00:00+00:00'
[2026-03-27T19:00:06.079+0000] {taskinstance.py:430} INFO - ::endgroup::
[2026-03-27T19:00:06.145+0000] {baseoperator.py:400} WARNING - S3KeySensor.execute cannot be called outside TaskInstance!
[2026-03-27T19:00:06.182+0000] {s3.py:117} INFO - Poking for key : s3://real-time-financial-data-pipeline/raw/trades/*
[2026-03-27T19:00:06.225+0000] {base_aws.py:587} WARNING - Unable to find AWS Connection ID 'aws_default', switching to empty.
[2026-03-27T19:00:06.228+0000] {base_aws.py:164} INFO - No connection ID provided. Fallback on boto3 credential strategy (region_name=None). See: https://boto3.amazonaws.com/v1/documentation/api/latest/guide/configuration.html
[2026-03-27T19:00:07.160+0000] {taskinstance.py:441} INFO - ::group::Post task execution logs
[2026-03-27T19:00:07.162+0000] {taskinstance.py:2905} ERROR - Task failed with exception
Traceback (most recent call last):
  File "/home/airflow/.local/lib/python3.12/site-packages/airflow/models/taskinstance.py", line 465, in _execute_task
    result = _execute_callable(context=context, **execute_callable_kwargs)
             ^^^^^^^^^^^^^^^^^^^^^^^^^^^^^^^^^^^^^^^^^^^^^^^^^^^^^^^^^^^^^
  File "/home/airflow/.local/lib/python3.12/site-packages/airflow/models/taskinstance.py", line 432, in _execute_callable
    return execute_callable(context=context, **execute_callable_kwargs)
           ^^^^^^^^^^^^^^^^^^^^^^^^^^^^^^^^^^^^^^^^^^^^^^^^^^^^^^^^^^^^
  File "/home/airflow/.local/lib/python3.12/site-packages/airflow/models/baseoperator.py", line 401, in wrapper
    return func(self, *args, **kwargs)
           ^^^^^^^^^^^^^^^^^^^^^^^^^^^
  File "/home/airflow/.local/lib/python3.12/site-packages/airflow/providers/amazon/aws/sensors/s3.py", line 183, in execute
    super().execute(context)
  File "/home/airflow/.local/lib/python3.12/site-packages/airflow/models/baseoperator.py", line 401, in wrapper
    return func(self, *args, **kwargs)
           ^^^^^^^^^^^^^^^^^^^^^^^^^^^
  File "/home/airflow/.local/lib/python3.12/site-packages/airflow/sensors/base.py", line 264, in execute
    raise e
  File "/home/airflow/.local/lib/python3.12/site-packages/airflow/sensors/base.py", line 246, in execute
    poke_return = self.poke(context)
                  ^^^^^^^^^^^^^^^^^^
  File "/home/airflow/.local/lib/python3.12/site-packages/airflow/providers/amazon/aws/sensors/s3.py", line 176, in poke
    return self._check_key(self.bucket_key)
           ^^^^^^^^^^^^^^^^^^^^^^^^^^^^^^^^
  File "/home/airflow/.local/lib/python3.12/site-packages/airflow/providers/amazon/aws/sensors/s3.py", line 127, in _check_key
    keys = self.hook.get_file_metadata(prefix, bucket_name)
           ^^^^^^^^^^^^^^^^^^^^^^^^^^^^^^^^^^^^^^^^^^^^^^^^
  File "/home/airflow/.local/lib/python3.12/site-packages/airflow/providers/amazon/aws/hooks/s3.py", line 89, in wrapper
    return func(*bound_args.args, **bound_args.kwargs)
           ^^^^^^^^^^^^^^^^^^^^^^^^^^^^^^^^^^^^^^^^^^^
  File "/home/airflow/.local/lib/python3.12/site-packages/airflow/providers/amazon/aws/hooks/s3.py", line 883, in get_file_metadata
    for page in response:
  File "/home/airflow/.local/lib/python3.12/site-packages/botocore/paginate.py", line 269, in __iter__
    response = self._make_request(current_kwargs)
               ^^^^^^^^^^^^^^^^^^^^^^^^^^^^^^^^^^
  File "/home/airflow/.local/lib/python3.12/site-packages/botocore/paginate.py", line 357, in _make_request
    return self._method(**current_kwargs)
           ^^^^^^^^^^^^^^^^^^^^^^^^^^^^^^
  File "/home/airflow/.local/lib/python3.12/site-packages/botocore/client.py", line 565, in _api_call
    return self._make_api_call(operation_name, kwargs)
           ^^^^^^^^^^^^^^^^^^^^^^^^^^^^^^^^^^^^^^^^^^^
  File "/home/airflow/.local/lib/python3.12/site-packages/botocore/client.py", line 1001, in _make_api_call
    http, parsed_response = self._make_request(
                            ^^^^^^^^^^^^^^^^^^^
  File "/home/airflow/.local/lib/python3.12/site-packages/botocore/client.py", line 1027, in _make_request
    return self._endpoint.make_request(operation_model, request_dict)
           ^^^^^^^^^^^^^^^^^^^^^^^^^^^^^^^^^^^^^^^^^^^^^^^^^^^^^^^^^^
  File "/home/airflow/.local/lib/python3.12/site-packages/botocore/endpoint.py", line 119, in make_request
    return self._send_request(request_dict, operation_model)
           ^^^^^^^^^^^^^^^^^^^^^^^^^^^^^^^^^^^^^^^^^^^^^^^^^
  File "/home/airflow/.local/lib/python3.12/site-packages/botocore/endpoint.py", line 198, in _send_request
    request = self.create_request(request_dict, operation_model)
              ^^^^^^^^^^^^^^^^^^^^^^^^^^^^^^^^^^^^^^^^^^^^^^^^^^
  File "/home/airflow/.local/lib/python3.12/site-packages/botocore/endpoint.py", line 134, in create_request
    self._event_emitter.emit(
  File "/home/airflow/.local/lib/python3.12/site-packages/botocore/hooks.py", line 412, in emit
    return self._emitter.emit(aliased_event_name, **kwargs)
           ^^^^^^^^^^^^^^^^^^^^^^^^^^^^^^^^^^^^^^^^^^^^^^^^
  File "/home/airflow/.local/lib/python3.12/site-packages/botocore/hooks.py", line 256, in emit
    return self._emit(event_name, kwargs)
           ^^^^^^^^^^^^^^^^^^^^^^^^^^^^^^
  File "/home/airflow/.local/lib/python3.12/site-packages/botocore/hooks.py", line 239, in _emit
    response = handler(**kwargs)
               ^^^^^^^^^^^^^^^^^
  File "/home/airflow/.local/lib/python3.12/site-packages/botocore/signers.py", line 105, in handler
    return self.sign(operation_name, request)
           ^^^^^^^^^^^^^^^^^^^^^^^^^^^^^^^^^^
  File "/home/airflow/.local/lib/python3.12/site-packages/botocore/signers.py", line 199, in sign
    auth.add_auth(request)
  File "/home/airflow/.local/lib/python3.12/site-packages/botocore/auth.py", line 418, in add_auth
    raise NoCredentialsError()
botocore.exceptions.NoCredentialsError: Unable to locate credentials
[2026-03-27T19:00:07.205+0000] {taskinstance.py:1206} INFO - Marking task as UP_FOR_RETRY. dag_id=spark-airflow-s3-ingestion-dag, task_id=verify_s3_data, run_id=scheduled__2026-03-27T18:00:00+00:00, execution_date=20260327T180000, start_date=20260327T190005, end_date=20260327T190007
[2026-03-27T19:00:07.240+0000] {standard_task_runner.py:110} ERROR - Failed to execute job 19 for task verify_s3_data (Unable to locate credentials; 21489)
[2026-03-27T19:00:07.279+0000] {local_task_job_runner.py:243} INFO - Task exited with return code 1
[2026-03-27T19:00:07.391+0000] {taskinstance.py:3503} INFO - 0 downstream tasks scheduled from follow-on schedule check
[2026-03-27T19:00:07.396+0000] {local_task_job_runner.py:222} INFO - ::endgroup::
