[2026-03-27T17:30:19.092+0000] {local_task_job_runner.py:120} INFO - ::group::Pre task execution logs
[2026-03-27T17:30:19.161+0000] {taskinstance.py:2076} INFO - Dependencies all met for dep_context=non-requeueable deps ti=<TaskInstance: dbt_transformation_pipeline.check_snowflake_data manual__2026-03-27T17:30:15.054986+00:00 [queued]>
[2026-03-27T17:30:19.175+0000] {taskinstance.py:2076} INFO - Dependencies all met for dep_context=requeueable deps ti=<TaskInstance: dbt_transformation_pipeline.check_snowflake_data manual__2026-03-27T17:30:15.054986+00:00 [queued]>
[2026-03-27T17:30:19.180+0000] {taskinstance.py:2306} INFO - Starting attempt 1 of 1
[2026-03-27T17:30:19.202+0000] {taskinstance.py:2330} INFO - Executing <Task(SnowflakeOperator): check_snowflake_data> on 2026-03-27 17:30:15.054986+00:00
[2026-03-27T17:30:19.222+0000] {logging_mixin.py:188} WARNING - /home/airflow/.local/lib/python3.12/site-packages/airflow/task/task_runner/standard_task_runner.py:62 DeprecationWarning: This process (pid=218) is multi-threaded, use of fork() may lead to deadlocks in the child.
[2026-03-27T17:30:19.225+0000] {standard_task_runner.py:64} INFO - Started process 255 to run task
[2026-03-27T17:30:19.222+0000] {standard_task_runner.py:90} INFO - Running: ['airflow', 'tasks', 'run', 'dbt_transformation_pipeline', 'check_snowflake_data', 'manual__2026-03-27T17:30:15.054986+00:00', '--job-id', '3', '--raw', '--subdir', 'DAGS_FOLDER/dag-dbt-transformation-pipeline.py', '--cfg-path', '/tmp/tmpb76fgg8g']
[2026-03-27T17:30:19.228+0000] {standard_task_runner.py:91} INFO - Job 3: Subtask check_snowflake_data
[2026-03-27T17:30:19.376+0000] {task_command.py:426} INFO - Running <TaskInstance: dbt_transformation_pipeline.check_snowflake_data manual__2026-03-27T17:30:15.054986+00:00 [running]> on host baf1a90a612e
[2026-03-27T17:30:19.590+0000] {taskinstance.py:2648} INFO - Exporting env vars: AIRFLOW_CTX_DAG_OWNER='airflow' AIRFLOW_CTX_DAG_ID='dbt_transformation_pipeline' AIRFLOW_CTX_TASK_ID='check_snowflake_data' AIRFLOW_CTX_EXECUTION_DATE='2026-03-27T17:30:15.054986+00:00' AIRFLOW_CTX_TRY_NUMBER='1' AIRFLOW_CTX_DAG_RUN_ID='manual__2026-03-27T17:30:15.054986+00:00'
[2026-03-27T17:30:19.593+0000] {taskinstance.py:430} INFO - ::endgroup::
[2026-03-27T17:30:19.668+0000] {sql.py:282} INFO - Executing: 
        SELECT COUNT(*) 
        FROM RAW.TRADES
        
[2026-03-27T17:30:19.695+0000] {taskinstance.py:441} INFO - ::group::Post task execution logs
[2026-03-27T17:30:19.720+0000] {taskinstance.py:2905} ERROR - Task failed with exception
Traceback (most recent call last):
  File "/home/airflow/.local/lib/python3.12/site-packages/airflow/models/taskinstance.py", line 465, in _execute_task
    result = _execute_callable(context=context, **execute_callable_kwargs)
             ^^^^^^^^^^^^^^^^^^^^^^^^^^^^^^^^^^^^^^^^^^^^^^^^^^^^^^^^^^^^^
  File "/home/airflow/.local/lib/python3.12/site-packages/airflow/models/taskinstance.py", line 432, in _execute_callable
    return execute_callable(context=context, **execute_callable_kwargs)
           ^^^^^^^^^^^^^^^^^^^^^^^^^^^^^^^^^^^^^^^^^^^^^^^^^^^^^^^^^^^^
  File "/home/airflow/.local/lib/python3.12/site-packages/airflow/models/baseoperator.py", line 401, in wrapper
    return func(self, *args, **kwargs)
           ^^^^^^^^^^^^^^^^^^^^^^^^^^^
  File "/home/airflow/.local/lib/python3.12/site-packages/airflow/providers/common/sql/operators/sql.py", line 283, in execute
    hook = self.get_db_hook()
           ^^^^^^^^^^^^^^^^^^
  File "/home/airflow/.local/lib/python3.12/site-packages/airflow/providers/common/sql/operators/sql.py", line 194, in get_db_hook
    return self._hook
           ^^^^^^^^^^
  File "/usr/local/lib/python3.12/functools.py", line 995, in __get__
    val = self.func(instance)
          ^^^^^^^^^^^^^^^^^^^
  File "/home/airflow/.local/lib/python3.12/site-packages/airflow/providers/common/sql/operators/sql.py", line 153, in _hook
    conn = BaseHook.get_connection(conn_id)
           ^^^^^^^^^^^^^^^^^^^^^^^^^^^^^^^^
  File "/home/airflow/.local/lib/python3.12/site-packages/airflow/hooks/base.py", line 83, in get_connection
    conn = Connection.get_connection_from_secrets(conn_id)
           ^^^^^^^^^^^^^^^^^^^^^^^^^^^^^^^^^^^^^^^^^^^^^^^
  File "/home/airflow/.local/lib/python3.12/site-packages/airflow/models/connection.py", line 519, in get_connection_from_secrets
    raise AirflowNotFoundException(f"The conn_id `{conn_id}` isn't defined")
airflow.exceptions.AirflowNotFoundException: The conn_id `snowflake_default` isn't defined
[2026-03-27T17:30:19.730+0000] {taskinstance.py:1206} INFO - Marking task as FAILED. dag_id=dbt_transformation_pipeline, task_id=check_snowflake_data, run_id=manual__2026-03-27T17:30:15.054986+00:00, execution_date=20260327T173015, start_date=20260327T173019, end_date=20260327T173019
[2026-03-27T17:30:19.755+0000] {standard_task_runner.py:110} ERROR - Failed to execute job 3 for task check_snowflake_data (The conn_id `snowflake_default` isn't defined; 255)
[2026-03-27T17:30:19.802+0000] {local_task_job_runner.py:243} INFO - Task exited with return code 1
[2026-03-27T17:30:19.835+0000] {logging_mixin.py:188} WARNING - /home/airflow/.local/lib/python3.12/site-packages/airflow/models/baseoperator.py:1297 AirflowProviderDeprecationWarning: Call to deprecated class SnowflakeOperator. (This class is deprecated. Please use `airflow.providers.common.sql.operators.sql.SQLExecuteQueryOperator`. Also, you can provide `hook_params={'warehouse': <warehouse>, 'database': <database>, 'role': <role>, 'schema': <schema>, 'authenticator': <authenticator>,'session_parameters': <session_parameters>}`.)
[2026-03-27T17:30:19.860+0000] {taskinstance.py:3503} INFO - 0 downstream tasks scheduled from follow-on schedule check
[2026-03-27T17:30:19.875+0000] {local_task_job_runner.py:222} INFO - ::endgroup::
